--- Startup times for process: Primary (or UI client) ---

times in msec
 clock   self+sourced   self:  sourced script
 clock   elapsed:              other lines

000.001  000.001: --- NVIM STARTING ---
000.121  000.121: event init
000.370  000.249: early init
000.900  000.530: locale set
000.934  000.034: init first window
001.541  000.607: inits 1
001.551  000.010: window checked
001.554  000.002: parsing arguments
002.212  000.061  000.061: require('vim._core.shared')
002.314  000.007  000.007: require('string.buffer')
002.346  000.058  000.051: require('vim.inspect')
002.409  000.052  000.052: require('vim._core.options')
002.412  000.196  000.086: require('vim._core.editor')
002.479  000.065  000.065: require('vim._core.system')
002.481  000.364  000.041: require('vim._init_packages')
002.483  000.566: init lua interpreter
006.357  003.873: nvim_ui_attach
006.877  000.520: nvim_set_client_info
006.879  000.002: --- NVIM STARTED ---

--- Startup times for process: Embedded ---

times in msec
 clock   self+sourced   self:  sourced script
 clock   elapsed:              other lines

000.001  000.001: --- NVIM STARTING ---
000.096  000.095: event init
000.289  000.194: early init
000.736  000.447: locale set
000.768  000.032: init first window
001.239  000.471: inits 1
001.256  000.016: window checked
001.258  000.003: parsing arguments
001.875  000.056  000.056: require('vim._core.shared')
001.959  000.006  000.006: require('string.buffer')
001.987  000.050  000.044: require('vim.inspect')
002.044  000.047  000.047: require('vim._core.options')
002.047  000.168  000.071: require('vim._core.editor')
002.096  000.048  000.048: require('vim._core.system')
002.098  000.312  000.040: require('vim._init_packages')
002.100  000.530: init lua interpreter
004.305  002.204: expanding arguments
004.319  000.014: inits 2
004.654  000.335: init highlight
004.655  000.001: waiting for UI
004.796  000.141: done waiting for UI
004.802  000.006: clear screen
004.963  000.016  000.016: require('vim.keymap')
006.052  000.180  000.180: sourcing nvim_exec2()
006.084  000.006  000.006: require('vim._core.log')
006.606  001.800  001.599: require('vim._core.defaults')
006.608  000.006: init default mappings & autocommands
007.243  000.055  000.055: sourcing /opt/homebrew/Cellar/neovim/0.12.2/share/nvim/runtime/ftplugin.vim
007.351  000.029  000.029: sourcing /opt/homebrew/Cellar/neovim/0.12.2/share/nvim/runtime/indent.vim
008.669  000.685  000.685: require('lazy')
008.693  000.014  000.014: require('ffi')
008.746  000.032  000.032: require('vim.fs')
008.984  000.235  000.235: require('vim.uri')
008.996  000.301  000.034: require('vim.loader')
009.330  000.317  000.317: require('lazy.stats')
009.565  000.186  000.186: require('lazy.core.util')
009.774  000.207  000.207: require('lazy.core.config')
010.190  000.232  000.232: require('lazy.core.handler')
010.767  000.221  000.221: require('lazy.pkg')
010.771  000.408  000.188: require('lazy.core.meta')
010.776  000.585  000.176: require('lazy.core.plugin')
010.785  001.010  000.193: require('lazy.core.loader')
011.621  000.235  000.235: require('lazy.core.fragments')
014.641  000.163  000.163: require('lazy.core.handler.event')
014.644  000.313  000.150: require('lazy.core.handler.ft')
014.897  000.251  000.251: require('lazy.core.handler.keys')
015.123  000.224  000.224: require('lazy.core.handler.cmd')
015.647  000.004  000.004: sourcing nvim_exec2() called at /Users/toripone/.config/nvim/init.lua:0
015.660  000.001  000.001: sourcing nvim_exec2() called at /Users/toripone/.config/nvim/init.lua:0
016.088  000.201  000.201: sourcing nvim_exec2() called at /opt/homebrew/Cellar/neovim/0.12.2/share/nvim/runtime/filetype.lua:0
016.091  000.285  000.084: sourcing /opt/homebrew/Cellar/neovim/0.12.2/share/nvim/runtime/filetype.lua
016.094  000.354  000.069: sourcing nvim_exec2() called at /Users/toripone/.config/nvim/init.lua:0
016.141  000.002  000.002: sourcing nvim_exec2() called at /Users/toripone/.config/nvim/init.lua:0
016.147  000.001  000.001: sourcing nvim_exec2() called at /Users/toripone/.config/nvim/init.lua:0
017.257  000.169  000.169: require('solarized-osaka.treesitter')
017.267  000.322  000.153: require('solarized-osaka.util')
017.269  000.485  000.163: require('solarized-osaka.theme')
017.467  000.196  000.196: require('solarized-osaka.config')
017.469  001.272  000.590: require('solarized-osaka')
019.166  000.130  000.130: require('solarized-osaka.hsl')
019.602  000.739  000.609: require('solarized-osaka.colors')
019.886  000.162  000.162: require('solarized-osaka.groups')
021.161  002.484  001.583: sourcing /Users/toripone/.local/share/nvim/lazy/solarized-osaka.nvim/colors/solarized-osaka.lua
022.376  000.355  000.355: require('vim.treesitter.language')
022.672  000.294  000.294: require('vim.func')
022.874  000.200  000.200: require('vim.treesitter._range')
023.051  000.173  000.173: require('vim.func._memoize')
023.074  001.272  000.249: require('vim.treesitter.query')
023.139  001.543  000.271: require('vim.treesitter.languagetree')
023.144  001.718  000.175: require('vim.treesitter')
023.310  001.991  000.273: sourcing /Users/toripone/.local/share/nvim/lazy/nvim-treesitter/plugin/filetypes.lua
023.319  002.064  000.073: sourcing nvim_exec2() called at /Users/toripone/.config/nvim/init.lua:0
023.462  000.079  000.079: sourcing /Users/toripone/.local/share/nvim/lazy/nvim-treesitter/plugin/nvim-treesitter.lua
023.465  000.140  000.062: sourcing nvim_exec2() called at /Users/toripone/.config/nvim/init.lua:0
023.569  000.051  000.051: sourcing /Users/toripone/.local/share/nvim/lazy/nvim-treesitter/plugin/query_predicates.lua
023.572  000.103  000.051: sourcing nvim_exec2() called at /Users/toripone/.config/nvim/init.lua:0
023.576  000.002  000.002: sourcing nvim_exec2() called at /Users/toripone/.config/nvim/init.lua:0
023.583  000.001  000.001: sourcing nvim_exec2() called at /Users/toripone/.config/nvim/init.lua:0
024.144  000.558  000.558: require('nvim-treesitter')
024.417  000.140  000.140: require('nvim-treesitter.async')
024.540  000.121  000.121: require('nvim-treesitter.config')
024.656  000.115  000.115: require('nvim-treesitter.log')
024.979  000.321  000.321: require('nvim-treesitter.parsers')
025.114  000.134  000.134: require('nvim-treesitter.util')
025.122  000.976  000.144: require('nvim-treesitter.install')
025.602  000.477  000.477: require('nvim-treesitter.parsers')
026.596  000.380  000.380: require('snacks')
026.597  000.448  000.069: sourcing /Users/toripone/.local/share/nvim/lazy/snacks.nvim/plugin/snacks.lua
026.600  000.504  000.056: sourcing nvim_exec2() called at /Users/toripone/.config/nvim/init.lua:0
026.605  000.002  000.002: sourcing nvim_exec2() called at /Users/toripone/.config/nvim/init.lua:0
026.613  000.001  000.001: sourcing nvim_exec2() called at /Users/toripone/.config/nvim/init.lua:0
026.791  000.002  000.002: sourcing nvim_exec2() called at /Users/toripone/.config/nvim/init.lua:0
026.798  000.001  000.001: sourcing nvim_exec2() called at /Users/toripone/.config/nvim/init.lua:0
028.161  001.354  001.354: require('mini.icons')
028.544  000.069  000.069: sourcing /opt/homebrew/Cellar/neovim/0.12.2/share/nvim/runtime/plugin/editorconfig.lua
028.547  000.126  000.057: sourcing nvim_exec2() called at /Users/toripone/.config/nvim/init.lua:0
028.737  000.137  000.137: sourcing /opt/homebrew/Cellar/neovim/0.12.2/share/nvim/runtime/plugin/gzip.vim
028.740  000.189  000.053: sourcing nvim_exec2() called at /Users/toripone/.config/nvim/init.lua:0
028.853  000.059  000.059: sourcing /opt/homebrew/Cellar/neovim/0.12.2/share/nvim/runtime/plugin/man.lua
028.855  000.111  000.052: sourcing nvim_exec2() called at /Users/toripone/.config/nvim/init.lua:0
029.499  000.163  000.163: sourcing /opt/homebrew/Cellar/neovim/0.12.2/share/nvim/runtime/pack/dist/opt/matchit/plugin/matchit.vim
029.513  000.602  000.440: sourcing /opt/homebrew/Cellar/neovim/0.12.2/share/nvim/runtime/plugin/matchit.vim
029.515  000.656  000.054: sourcing nvim_exec2() called at /Users/toripone/.config/nvim/init.lua:0
029.678  000.109  000.109: sourcing /opt/homebrew/Cellar/neovim/0.12.2/share/nvim/runtime/plugin/matchparen.vim
029.681  000.162  000.052: sourcing nvim_exec2() called at /Users/toripone/.config/nvim/init.lua:0
029.799  000.066  000.066: sourcing /opt/homebrew/Cellar/neovim/0.12.2/share/nvim/runtime/plugin/net.lua
029.802  000.118  000.052: sourcing nvim_exec2() called at /Users/toripone/.config/nvim/init.lua:0
029.865  000.008  000.008: sourcing /opt/homebrew/Cellar/neovim/0.12.2/share/nvim/runtime/plugin/netrwPlugin.vim
029.868  000.063  000.055: sourcing nvim_exec2() called at /Users/toripone/.config/nvim/init.lua:0
029.977  000.056  000.056: sourcing /opt/homebrew/Cellar/neovim/0.12.2/share/nvim/runtime/plugin/osc52.lua
029.979  000.108  000.051: sourcing nvim_exec2() called at /Users/toripone/.config/nvim/init.lua:0
030.152  000.119  000.119: sourcing /opt/homebrew/Cellar/neovim/0.12.2/share/nvim/runtime/plugin/rplugin.vim
030.154  000.172  000.052: sourcing nvim_exec2() called at /Users/toripone/.config/nvim/init.lua:0
030.287  000.078  000.078: sourcing /opt/homebrew/Cellar/neovim/0.12.2/share/nvim/runtime/plugin/shada.lua
030.342  000.184  000.106: sourcing nvim_exec2() called at /Users/toripone/.config/nvim/init.lua:0
030.453  000.051  000.051: sourcing /opt/homebrew/Cellar/neovim/0.12.2/share/nvim/runtime/plugin/spellfile.lua
030.455  000.111  000.059: sourcing nvim_exec2() called at /Users/toripone/.config/nvim/init.lua:0
030.575  000.065  000.065: sourcing /opt/homebrew/Cellar/neovim/0.12.2/share/nvim/runtime/plugin/tarPlugin.vim
030.578  000.119  000.055: sourcing nvim_exec2() called at /Users/toripone/.config/nvim/init.lua:0
030.646  000.014  000.014: sourcing /opt/homebrew/Cellar/neovim/0.12.2/share/nvim/runtime/plugin/tutor.vim
030.648  000.067  000.053: sourcing nvim_exec2() called at /Users/toripone/.config/nvim/init.lua:0
030.798  000.096  000.096: sourcing /opt/homebrew/Cellar/neovim/0.12.2/share/nvim/runtime/plugin/zipPlugin.vim
030.800  000.150  000.054: sourcing nvim_exec2() called at /Users/toripone/.config/nvim/init.lua:0
030.940  023.399  007.017: require('config.lazy')
031.191  000.022  000.022: require('vim._core.ui2')
031.346  000.148  000.148: require('vim._core.ui2.cmdline')
031.534  000.187  000.187: require('vim._core.ui2.messages')
031.561  000.620  000.263: require('config.opt')
031.876  000.314  000.314: require('config.map')
031.987  000.109  000.109: require('config.autocmd')
031.988  024.494  000.052: sourcing /Users/toripone/.config/nvim/init.lua
031.995  000.809: sourcing vimrc file(s)
032.114  000.036  000.036: sourcing /opt/homebrew/Cellar/neovim/0.12.2/share/nvim/runtime/filetype.lua
032.322  000.047  000.047: sourcing /opt/homebrew/Cellar/neovim/0.12.2/share/nvim/runtime/syntax/synload.vim
032.372  000.182  000.135: sourcing /opt/homebrew/Cellar/neovim/0.12.2/share/nvim/runtime/syntax/syntax.vim
032.381  000.168: inits 3
032.967  000.586: reading ShaDa
033.023  000.057: opening buffers
033.037  000.013: BufEnter autocommands
033.038  000.001: editing files in windows
033.083  000.045: VimEnter autocommands
033.115  000.032: UIEnter autocommands
033.437  000.215  000.215: sourcing /opt/homebrew/Cellar/neovim/0.12.2/share/nvim/runtime/autoload/provider/clipboard.vim
033.442  000.112: before starting main loop
033.618  000.011  000.011: require('vim._core.util')
033.728  000.275: first screen update
033.729  000.001: --- NVIM STARTED ---

